// Jest Snapshot v1, https://goo.gl/fbAQLP

exports[`creates a right query 1`] = `"%40angular%2Fcore%4014.0.0+react%40latest+react-dom%4015.5.3"`;
